[crispinfreeman.com/index.html]
[backblue.gif]
[fade.gif]
[index.html]
[crispinfreeman.com/feed/index.html]
[crispinfreeman.com/comments/feed/index.html]
[crispinfreeman.com/wp-includes/js/jquery/jquery.minaf6c.js]
[crispinfreeman.com/wp-includes/js/jquery/jquery-migrate.mind617.js]
[crispinfreeman.com/wp-content/plugins/google-analytics-for-wordpress/assets/js/frontend-gtag.min9e64.js]
[crispinfreeman.com/wp-content/plugins/cleantalk-spam-protect/js/apbct-public-bundle.min5064.js]
[crispinfreeman.com/wp-content/plugins/html5-audio-player/js/inline-player6176.js]
[crispinfreeman.com/wp-content/plugins/media-element-html5-video-and-audio-player/mediaelement/v4/mediaelement-and-player.minc82e.js]
[crispinfreeman.com/xmlrpc0db0.php]
[crispinfreeman.com/wp-json/index.html]
[crispinfreeman.com/wp-content/themes/Webly/core/admin/fonts/modules.ttf]
[crispinfreeman.com/wp-content/uploads/2012/05/Crispin-Freeman-VO-Logo-Color-Web-v2.png]
[crispinfreeman.com/wp-content/uploads/2012/05/Crispin-Freeman-Animation-Demo.mp3]
[crispinfreeman.com/wp-content/uploads/2012/05/Crispin-Freeman-Promo-Demo.mp3]
[crispinfreeman.com/wp-content/plugins/haiku-minimalist-audio-player/js/index.html]
[crispinfreeman.com/demos/index.html]
[crispinfreeman.com/wp-content/uploads/2012/05/Crispin-Freeman-Narration-Demo.mp3]
[crispinfreeman.com/wp-content/uploads/2012/05/Crispin-Freeman-Commercial-Demo.mp3]
[crispinfreeman.com/wp-content/uploads/2012/05/VAM_WebLogo_BlackText_150px.png]
[crispinfreeman.com/contact/index.html]
[crispinfreeman.com/wp-content/uploads/2013/02/MM-Vertical-Weblogo-Dark-NoShadow-285x520-500x274.png]
[crispinfreeman.com/about/index.html]
[crispinfreeman.com/voice-acting-mastery/index.html]
[crispinfreeman.com/wp-content/themes/Webly/js/jquery.cycle.all.min.js]
[crispinfreeman.com/wp-content/themes/Webly/js/jquery.easing.1.3.js]
[crispinfreeman.com/wp-content/themes/Webly/js/superfish.js]
[crispinfreeman.com/wp-content/themes/Webly/js/custom.js]
[crispinfreeman.com/mythology-and-meaning/index.html]
[crispinfreeman.com/wp-content/plugins/haiku-minimalist-audio-player/js/jquery.jplayer.min431f.js]
[crispinfreeman.com/wp-content/plugins/haiku-minimalist-audio-player/js/haiku-player8a54.js]
[crispinfreeman.com/wp-content/themes/Webly/core/admin/js/common125b.js]
[crispinfreeman.com/wp-content/themes/Webly/includes/page_templates/js/jquery.easing-1.3.packc412.js]
[crispinfreeman.com/wp-content/themes/Webly/includes/page_templates/js/magnific_popup/jquery.magnific-popupc412.js]
[crispinfreeman.com/wp-content/themes/Webly/includes/page_templates/js/et-ptemplates-frontend4963.js]
[crispinfreeman.com/wp-content/plugins/html5-audio-player/js/plyr-v3.7.26176.js]
[crispinfreeman.com/wp-content/plugins/html5-audio-player/dist/public6176.js]
[crispinfreeman.com/index.html]
[crispinfreeman.com/wp-content/themes/Webly/images/footer-bottom-bg.png]
[crispinfreeman.com/wp-content/themes/Webly/images/top-bg.png]
[crispinfreeman.com/wp-content/themes/Webly/images/top-center-bg.jpg]
[crispinfreeman.com/wp-content/themes/Webly/images/top-bottom-bg.png]
[crispinfreeman.com/wp-content/themes/Webly/images/top-container-bg.png]
[crispinfreeman.com/wp-content/themes/Webly/images/left-menu-bg.png]
[crispinfreeman.com/wp-content/themes/Webly/images/right-menu-bg.png]
[crispinfreeman.com/wp-content/themes/Webly/images/content-menu-bg.png]
[crispinfreeman.com/wp-content/themes/Webly/images/featured_button.png]
[crispinfreeman.com/wp-content/themes/Webly/images/main-area-bg.png]
[crispinfreeman.com/wp-content/themes/Webly/images/main-top-shadow.png]
[crispinfreeman.com/wp-content/themes/Webly/images/box-overlay.png]
[crispinfreeman.com/wp-content/themes/Webly/images/readmore.png]
[crispinfreeman.com/wp-content/themes/Webly/images/left-projects-bg.png]
[crispinfreeman.com/wp-content/themes/Webly/images/right-projects-bg.png]
[crispinfreeman.com/wp-content/themes/Webly/images/content-projects-bg.png]
[crispinfreeman.com/wp-content/themes/Webly/images/project-overlay.png]
[crispinfreeman.com/wp-content/themes/Webly/images/zoom-icon.png]
[crispinfreeman.com/wp-content/themes/Webly/images/play-icon.png]
[crispinfreeman.com/wp-content/themes/Webly/images/call-to-action-top.png]
[crispinfreeman.com/wp-content/themes/Webly/images/down-arrow.png]
[crispinfreeman.com/wp-content/themes/Webly/images/content-area.png]
[crispinfreeman.com/wp-content/themes/Webly/images/post-overlay.png]
[crispinfreeman.com/wp-content/themes/Webly/images/content-area-top.png]
[crispinfreeman.com/wp-content/themes/Webly/images/dropdown.png]
[crispinfreeman.com/wp-content/themes/Webly/images/menu-bullet.png]
[crispinfreeman.com/wp-content/themes/Webly/images/featured-image-overlay.png]
[crispinfreeman.com/wp-content/themes/Webly/images/featured-leftarrow.png]
[crispinfreeman.com/wp-content/themes/Webly/images/featured-rightarrow.png]
[crispinfreeman.com/wp-content/themes/Webly/images/comment-separator.png]
[crispinfreeman.com/wp-content/themes/Webly/images/avatar-overlay.png]
[crispinfreeman.com/wp-content/themes/Webly/images/comment-bubble.png]
[crispinfreeman.com/wp-content/themes/Webly/images/footer-main-bg.png]
[crispinfreeman.com/wp-content/themes/Webly/images/footer-pattern.png]
[crispinfreeman.com/wp-content/themes/Webly/images/footer-top-bg.png]
[crispinfreeman.com/wp-content/themes/Webly/images/footer-bullet.png]
[crispinfreeman.com/wp-content/themes/Webly/images/sidebar-bullet.png]
[crispinfreeman.com/wp-content/themes/Webly/images/ajax-loader.gif]
[crispinfreeman.com/wp-content/themes/Webly/style.css]
[crispinfreeman.com/xmlrpc.php]
[crispinfreeman.com/wp-content/plugins/haiku-minimalist-audio-player/inc/icons/fontello.eot]
[crispinfreeman.com/wp-content/plugins/haiku-minimalist-audio-player/inc/icons/fontellod41d.eot]
[crispinfreeman.com/wp-content/plugins/haiku-minimalist-audio-player/inc/icons/fontello.woff]
[crispinfreeman.com/wp-content/plugins/haiku-minimalist-audio-player/inc/icons/fontello.ttf]
[crispinfreeman.com/wp-content/plugins/haiku-minimalist-audio-player/haiku-player8a54.css]
[crispinfreeman.com/wp-includes/css/dist/block-library/style.min52c7.css]
[crispinfreeman.com/wp-content/plugins/cleantalk-spam-protect/css/cleantalk-public.min5064.css]
[crispinfreeman.com/wp-content/themes/Webly/epanel/shortcodes/images/shortcodes-sprite.png]
[crispinfreeman.com/wp-content/themes/Webly/epanel/shortcodes/css/shortcodes-legacy33d3.css]
[crispinfreeman.com/wp-content/plugins/media-element-html5-video-and-audio-player/mediaelement/v4/mediaelementplayer.min52c7.css]
[crispinfreeman.com/wp-content/plugins/media-element-html5-video-and-audio-player/mediaelement/v4/mediaelementplayer-legacy.min52c7.css]
[crispinfreeman.com/wp-content/themes/Webly/includes/page_templates/js/magnific_popup/magnific_popupc412.css]
[crispinfreeman.com/wp-content/themes/Webly/includes/page_templates/images/sitemap-page.png]
[crispinfreeman.com/wp-content/themes/Webly/includes/page_templates/images/sitemap-category.png]
[crispinfreeman.com/wp-content/themes/Webly/includes/page_templates/images/sitemap-tag.png]
[crispinfreeman.com/wp-content/themes/Webly/includes/page_templates/images/sitemap-author.png]
[crispinfreeman.com/wp-content/themes/Webly/includes/page_templates/images/blog-image-overlay.png]
[crispinfreeman.com/wp-content/themes/Webly/includes/page_templates/images/blog-readmore.png]
[crispinfreeman.com/wp-content/themes/Webly/includes/page_templates/images/item-bottom-shadow.png]
[crispinfreeman.com/wp-content/themes/Webly/includes/page_templates/images/item-overlay.png]
[crispinfreeman.com/wp-content/themes/Webly/includes/page_templates/images/zoom-icon.png]
[crispinfreeman.com/wp-content/themes/Webly/includes/page_templates/images/readmore-icon.png]
[crispinfreeman.com/wp-content/themes/Webly/includes/page_templates/images/contact_input.png]
[crispinfreeman.com/wp-content/themes/Webly/includes/page_templates/images/contact_submit.png]
[crispinfreeman.com/wp-content/themes/Webly/includes/page_templates/images/contact_reset.png]
[crispinfreeman.com/wp-content/themes/Webly/includes/page_templates/images/et_search_bg.png]
[crispinfreeman.com/wp-content/themes/Webly/includes/page_templates/images/et_search_bottom.png]
[crispinfreeman.com/wp-content/themes/Webly/includes/page_templates/images/et_search_icon.png]
[crispinfreeman.com/wp-content/themes/Webly/includes/page_templates/images/et-searchinput.png]
[crispinfreeman.com/wp-content/themes/Webly/includes/page_templates/images/et_search_submit.png]
[crispinfreeman.com/wp-content/themes/Webly/includes/page_templates/images/portfolio-more-icon.png]
[crispinfreeman.com/wp-content/themes/Webly/includes/page_templates/images/portfolio-zoom-icon.png]
[crispinfreeman.com/wp-content/themes/Webly/includes/page_templates/images/portfolio-video-icon.png]
[crispinfreeman.com/wp-content/themes/Webly/includes/page_templates/images/gallery-overlay.png]
[crispinfreeman.com/wp-content/themes/Webly/includes/page_templates/page_templates4b1d.css]
[crispinfreeman.com/wp-includes/wlwmanifest.html]
[crispinfreeman.com/wp-content/plugins/haiku-minimalist-audio-player/js/Jplayer.swf]
[crispinfreeman.com/wp-content/plugins/haiku-minimalist-audio-player/js/indexc052.html]
[crispinfreeman.com/wp-content/plugins/haiku-minimalist-audio-player/js/haiku-player.js]
[crispinfreeman.com/wp-content/plugins/haiku-minimalist-audio-player/js/indexf8a0.html]
[crispinfreeman.com/wp-content/plugins/haiku-minimalist-audio-player/js/indexbfec.html]
[crispinfreeman.com/wp-content/plugins/haiku-minimalist-audio-player/js/jquery-ui-custom.min.js]
[crispinfreeman.com/wp-content/plugins/haiku-minimalist-audio-player/js/index30b5.html]
[crispinfreeman.com/wp-content/plugins/haiku-minimalist-audio-player/js/jquery.jplayer.min.js]
[crispinfreeman.com/wp-content/plugins/haiku-minimalist-audio-player/js/index.html]
[crispinfreeman.com/wp-json/wp/v2/pages/2.json]
[crispinfreeman.com/wp-content/plugins/haiku-minimalist-audio-player/index.html]
[crispinfreeman.com/demos/feed/index.html]
[crispinfreeman.com/wp-json/oembed/1.0/embedd0f0.json]
[crispinfreeman.com/wp-json/oembed/1.0/embed3516]
[crispinfreeman.com/wp-includes/js/comment-reply.min52c7.js]
[crispinfreeman.com/demos/index.html]
[crispinfreeman.com/wp-json/wp/v2/pages/44.json]
[crispinfreeman.com/contact/feed/index.html]
[crispinfreeman.com/wp-json/oembed/1.0/embed28f2.json]
[crispinfreeman.com/wp-json/oembed/1.0/embed1830]
[crispinfreeman.com/contact/index.html]
[crispinfreeman.com/wp-json/wp/v2/pages/93.json]
[crispinfreeman.com/wp-json/oembed/1.0/embedfd26.json]
[crispinfreeman.com/about/feed/index.html]
[crispinfreeman.com/wp-json/oembed/1.0/embedb6fa]
[crispinfreeman.com/wp-content/uploads/2012/05/crispin_at_microphone.jpg]
[crispinfreeman.com/about/index.html]
[crispinfreeman.com/wp-json/wp/v2/pages/18.json]
[crispinfreeman.com/voice-acting-mastery/feed/index.html]
[crispinfreeman.com/wp-json/oembed/1.0/embed6661.json]
[crispinfreeman.com/wp-json/oembed/1.0/embedc098]
[crispinfreeman.com/voice-acting-mastery/index.html]
[crispinfreeman.com/wp-json/wp/v2/pages/16.json]
[crispinfreeman.com/mythology-and-meaning/feed/index.html]
[crispinfreeman.com/wp-json/oembed/1.0/embeda66f.json]
[crispinfreeman.com/wp-json/oembed/1.0/embed7e0a]
[crispinfreeman.com/mythology-and-meaning/index.html]
[crispinfreeman.com/wp-content/plugins/html5-audio-player/style/player-style6176.css]
[crispinfreeman.com/wp-content/plugins/haiku-minimalist-audio-player/inc/icons/fontello.svg]
[crispinfreeman.com/wp-content/plugins/media-element-html5-video-and-audio-player/mediaelement/v4/mejs-controls.svg]
[crispinfreeman.com/wp-content/plugins/haiku-minimalist-audio-player/js/indexc052.html]
[crispinfreeman.com/wp-content/plugins/haiku-minimalist-audio-player/js/indexf8a0.html]
[crispinfreeman.com/wp-content/plugins/haiku-minimalist-audio-player/js/indexbfec.html]
[crispinfreeman.com/wp-content/plugins/haiku-minimalist-audio-player/js/index30b5.html]
[crispinfreeman.com/wp-content/plugins/haiku-minimalist-audio-player/js/index72c9.html]
[crispinfreeman.com/wp-content/plugins/haiku-minimalist-audio-player/js/indexb70a.html]
[crispinfreeman.com/wp-content/plugins/haiku-minimalist-audio-player/js/index5851.html]
[crispinfreeman.com/wp-content/plugins/haiku-minimalist-audio-player/js/indexad3f.html]
[crispinfreeman.com/wp-content/plugins/haiku-minimalist-audio-player/indexc052.html]
[crispinfreeman.com/wp-content/plugins/haiku-minimalist-audio-player/indexf8a0.html]
[crispinfreeman.com/wp-content/plugins/haiku-minimalist-audio-player/indexbfec.html]
[crispinfreeman.com/wp-content/plugins/haiku-minimalist-audio-player/index30b5.html]
[crispinfreeman.com/wp-content/plugins/haiku-minimalist-audio-player/license.txt]
[crispinfreeman.com/wp-content/plugins/haiku-minimalist-audio-player/screenshot-2.png]
[crispinfreeman.com/wp-content/plugins/haiku-minimalist-audio-player/index.html]
[crispinfreeman.com/index905b.html]
[crispinfreeman.com/wp-content/plugins/haiku-minimalist-audio-player/languages/index.html]
[crispinfreeman.com/wp-content/plugins/haiku-minimalist-audio-player/admin/index.html]
[crispinfreeman.com/index49b1.html]
[crispinfreeman.com/index36d4.html]
[crispinfreeman.com/index0735.html]
[crispinfreeman.com/index0e62.html]
[crispinfreeman.com/wp-content/plugins/haiku-minimalist-audio-player/js/indexb70a.html]
[crispinfreeman.com/wp-content/plugins/haiku-minimalist-audio-player/js/index72c9.html]
[crispinfreeman.com/wp-content/plugins/haiku-minimalist-audio-player/js/index5851.html]
[crispinfreeman.com/wp-content/plugins/haiku-minimalist-audio-player/js/indexad3f.html]
[crispinfreeman.com/wp-content/plugins/haiku-minimalist-audio-player/indexc052.html]
[crispinfreeman.com/wp-content/plugins/haiku-minimalist-audio-player/indexf8a0.html]
[crispinfreeman.com/wp-content/plugins/haiku-minimalist-audio-player/indexbfec.html]
[crispinfreeman.com/wp-content/plugins/haiku-minimalist-audio-player/index30b5.html]
[crispinfreeman.com/wp-content/plugins/index.html]
[crispinfreeman.com/wp-content/plugins/haiku-minimalist-audio-player/inc/index.html]
[crispinfreeman.com/wp-content/plugins/haiku-minimalist-audio-player/index5851.html]
[crispinfreeman.com/wp-content/plugins/haiku-minimalist-audio-player/indexad3f.html]
[crispinfreeman.com/wp-content/plugins/haiku-minimalist-audio-player/admin/custom-columns.js]
[crispinfreeman.com/wp-content/plugins/haiku-minimalist-audio-player/admin/indexf8a0.html]
[crispinfreeman.com/wp-content/plugins/haiku-minimalist-audio-player/admin/indexbfec.html]
[crispinfreeman.com/wp-content/plugins/haiku-minimalist-audio-player/admin/indexc052.html]
[crispinfreeman.com/wp-content/plugins/haiku-minimalist-audio-player/admin/custom-player.js]
[crispinfreeman.com/wp-content/plugins/haiku-minimalist-audio-player/admin/index30b5.html]
[crispinfreeman.com/wp-content/plugins/haiku-minimalist-audio-player/admin/haiku-documentation.html]
[crispinfreeman.com/wp-content/plugins/haiku-minimalist-audio-player/admin/index.html]
[crispinfreeman.com/wp-content/plugins/haiku-minimalist-audio-player/haiku-player.css]
[crispinfreeman.com/wp-content/plugins/haiku-minimalist-audio-player/inc/index.html]
[crispinfreeman.com/wp-content/plugins/haiku-minimalist-audio-player/admin/img/index.html]
[crispinfreeman.com/wp-content/plugins/haiku-minimalist-audio-player/languages/haiku-minimalist-audio-player.ppt]
[crispinfreeman.com/wp-content/plugins/haiku-minimalist-audio-player/languages/index.html]
[crispinfreeman.com/wp-content/plugins/haiku-minimalist-audio-player/inc/indexc052.html]
[crispinfreeman.com/wp-content/plugins/haiku-minimalist-audio-player/inc/indexf8a0.html]
[crispinfreeman.com/wp-content/plugins/haiku-minimalist-audio-player/inc/indexbfec.html]
[crispinfreeman.com/wp-content/plugins/haiku-minimalist-audio-player/inc/index30b5.html]
[crispinfreeman.com/wp-content/plugins/haiku-minimalist-audio-player/readme.html]
[crispinfreeman.com/wp-content/plugins/haiku-minimalist-audio-player/inc/color-picker/index.html]
[crispinfreeman.com/wp-content/plugins/haiku-minimalist-audio-player/languages/indexc052.html]
[crispinfreeman.com/wp-content/plugins/haiku-minimalist-audio-player/inc/icons/index.html]
[crispinfreeman.com/wp-content/plugins/haiku-minimalist-audio-player/languages/indexf8a0.html]
[crispinfreeman.com/wp-content/plugins/haiku-minimalist-audio-player/languages/index30b5.html]
[crispinfreeman.com/wp-content/plugins/haiku-minimalist-audio-player/languages/indexbfec.html]
[crispinfreeman.com/wp-content/plugins/haiku-minimalist-audio-player/screenshot-1.png]
[crispinfreeman.com/wp-content/plugins/haiku-minimalist-audio-player/indexb70a.html]
[crispinfreeman.com/wp-content/plugins/haiku-minimalist-audio-player/index5851.html]
[crispinfreeman.com/wp-content/plugins/haiku-minimalist-audio-player/indexad3f.html]
[crispinfreeman.com/wp-content/plugins/haiku-minimalist-audio-player/admin/indexc052.html]
[crispinfreeman.com/wp-content/plugins/haiku-minimalist-audio-player/admin/indexf8a0.html]
[crispinfreeman.com/wp-content/plugins/haiku-minimalist-audio-player/admin/indexbfec.html]
[crispinfreeman.com/wp-content/plugins/haiku-minimalist-audio-player/index72c9.html]
[crispinfreeman.com/wp-content/plugins/haiku-minimalist-audio-player/admin/index30b5.html]
[crispinfreeman.com/wp-content/plugins/haiku-minimalist-audio-player/admin/indexb70a.html]
[crispinfreeman.com/wp-content/plugins/haiku-minimalist-audio-player/admin/index72c9.html]
[crispinfreeman.com/wp-content/plugins/haiku-minimalist-audio-player/admin/index5851.html]
[crispinfreeman.com/wp-content/plugins/haiku-minimalist-audio-player/admin/haiku-admin.css]
[crispinfreeman.com/wp-content/plugins/haiku-minimalist-audio-player/admin/haiku-documentation.html]
[crispinfreeman.com/wp-content/plugins/haiku-minimalist-audio-player/admin/img/logo.png]
[crispinfreeman.com/wp-content/plugins/haiku-minimalist-audio-player/admin/indexad3f.html]
[crispinfreeman.com/wp-content/plugins/haiku-minimalist-audio-player/admin/img/indexc052.html]
[crispinfreeman.com/wp-content/plugins/haiku-minimalist-audio-player/admin/img/player-example.png]
[crispinfreeman.com/wp-content/plugins/haiku-minimalist-audio-player/admin/img/player-id-example.png]
[crispinfreeman.com/wp-content/plugins/haiku-minimalist-audio-player/admin/img/indexf8a0.html]
[crispinfreeman.com/wp-content/plugins/haiku-minimalist-audio-player/admin/img/showtime-example.png]
[crispinfreeman.com/wp-content/plugins/haiku-minimalist-audio-player/admin/img/title-player-example.png]
[crispinfreeman.com/wp-content/plugins/haiku-minimalist-audio-player/admin/img/title-shortcode-example.png]
[crispinfreeman.com/wp-content/plugins/haiku-minimalist-audio-player/admin/img/index.html]
[crispinfreeman.com/wp-content/plugins/haiku-minimalist-audio-player/inc/indexc052.html]
[crispinfreeman.com/wp-content/plugins/haiku-minimalist-audio-player/inc/indexf8a0.html]
[crispinfreeman.com/wp-content/plugins/haiku-minimalist-audio-player/admin/img/indexbfec.html]
[crispinfreeman.com/wp-content/plugins/haiku-minimalist-audio-player/inc/indexbfec.html]
[crispinfreeman.com/wp-content/plugins/haiku-minimalist-audio-player/admin/img/index30b5.html]
[crispinfreeman.com/wp-content/plugins/haiku-minimalist-audio-player/inc/index30b5.html]
[crispinfreeman.com/wp-content/plugins/haiku-minimalist-audio-player/inc/indexb70a.html]
[crispinfreeman.com/wp-content/plugins/haiku-minimalist-audio-player/inc/index72c9.html]
[ajax.googleapis.com/ajax/libs/jquery/1.5.0/jquery.min.js]
[crispinfreeman.com/wp-content/plugins/haiku-minimalist-audio-player/inc/index5851.html]
[crispinfreeman.com/wp-content/plugins/haiku-minimalist-audio-player/inc/indexad3f.html]
[crispinfreeman.com/wp-content/plugins/haiku-minimalist-audio-player/inc/color-picker/index.html]
[crispinfreeman.com/wp-content/plugins/haiku-minimalist-audio-player/inc/icons/indexc052.html]
[crispinfreeman.com/wp-content/plugins/haiku-minimalist-audio-player/inc/icons/index.html]
[crispinfreeman.com/wp-content/plugins/haiku-minimalist-audio-player/languages/indexc052.html]
[crispinfreeman.com/wp-content/plugins/haiku-minimalist-audio-player/languages/indexf8a0.html]
[crispinfreeman.com/wp-content/plugins/haiku-minimalist-audio-player/inc/icons/indexf8a0.html]
[crispinfreeman.com/wp-content/plugins/haiku-minimalist-audio-player/inc/icons/indexbfec.html]
[crispinfreeman.com/wp-content/plugins/haiku-minimalist-audio-player/inc/icons/index30b5.html]
[crispinfreeman.com/wp-content/plugins/haiku-minimalist-audio-player/languages/indexbfec.html]
[crispinfreeman.com/wp-content/plugins/haiku-minimalist-audio-player/languages/index30b5.html]
[crispinfreeman.com/wp-content/plugins/haiku-minimalist-audio-player/languages/indexb70a.html]
[crispinfreeman.com/wp-content/plugins/haiku-minimalist-audio-player/indexb70a.html]
[crispinfreeman.com/wp-content/plugins/haiku-minimalist-audio-player/index72c9.html]
[crispinfreeman.com/wp-content/plugins/haiku-minimalist-audio-player/admin/indexb70a.html]
[crispinfreeman.com/wp-content/plugins/haiku-minimalist-audio-player/admin/index72c9.html]
[crispinfreeman.com/wp-content/plugins/haiku-minimalist-audio-player/admin/index5851.html]
[crispinfreeman.com/wp-content/plugins/haiku-minimalist-audio-player/admin/indexad3f.html]
[crispinfreeman.com/wp-content/plugins/haiku-minimalist-audio-player/admin/img/indexc052.html]
[crispinfreeman.com/wp-content/plugins/haiku-minimalist-audio-player/languages/index72c9.html]
[crispinfreeman.com/wp-content/plugins/haiku-minimalist-audio-player/languages/index5851.html]
[crispinfreeman.com/wp-content/plugins/haiku-minimalist-audio-player/admin/img/indexf8a0.html]
[crispinfreeman.com/wp-content/plugins/haiku-minimalist-audio-player/admin/img/indexbfec.html]
[crispinfreeman.com/wp-content/plugins/haiku-minimalist-audio-player/languages/indexad3f.html]
[crispinfreeman.com/wp-content/plugins/haiku-minimalist-audio-player/admin/img/index30b5.html]
[crispinfreeman.com/wp-content/plugins/haiku-minimalist-audio-player/admin/img/indexb70a.html]
[crispinfreeman.com/wp-content/plugins/haiku-minimalist-audio-player/haiku-admin.html]
[crispinfreeman.com/wp-content/plugins/haiku-minimalist-audio-player/haiku-player.html]
[crispinfreeman.com/wp-content/plugins/haiku-minimalist-audio-player/inc/indexb70a.html]
[crispinfreeman.com/wp-content/plugins/haiku-minimalist-audio-player/inc/index72c9.html]
[crispinfreeman.com/wp-content/plugins/haiku-minimalist-audio-player/inc/index5851.html]
[crispinfreeman.com/wp-content/plugins/haiku-minimalist-audio-player/inc/indexad3f.html]
[crispinfreeman.com/wp-content/plugins/haiku-minimalist-audio-player/inc/color-picker/jquery.miniColors.html]
[crispinfreeman.com/wp-content/plugins/haiku-minimalist-audio-player/admin/img/index72c9.html]
[crispinfreeman.com/wp-content/plugins/haiku-minimalist-audio-player/admin/img/index5851.html]
[crispinfreeman.com/wp-content/plugins/haiku-minimalist-audio-player/admin/img/indexad3f.html]
[crispinfreeman.com/wp-content/plugins/haiku-minimalist-audio-player/inc/color-picker/images/trigger.png]
[crispinfreeman.com/wp-content/plugins/haiku-minimalist-audio-player/inc/color-picker/images/gradient.png]
[crispinfreeman.com/wp-content/plugins/haiku-minimalist-audio-player/inc/color-picker/images/rainbow.png]
[crispinfreeman.com/wp-content/plugins/haiku-minimalist-audio-player/inc/color-picker/images/circle.gif]
[crispinfreeman.com/wp-content/plugins/haiku-minimalist-audio-player/inc/color-picker/images/line.gif]
[crispinfreeman.com/wp-content/plugins/haiku-minimalist-audio-player/inc/color-picker/jquery.miniColors.css]
[crispinfreeman.com/wp-content/plugins/haiku-minimalist-audio-player/inc/icons/indexc052.html]
[crispinfreeman.com/wp-content/plugins/haiku-minimalist-audio-player/inc/icons/indexf8a0.html]
[crispinfreeman.com/wp-content/plugins/haiku-minimalist-audio-player/inc/icons/indexbfec.html]
[crispinfreeman.com/wp-content/plugins/haiku-minimalist-audio-player/inc/icons/index30b5.html]
[crispinfreeman.com/wp-content/plugins/haiku-minimalist-audio-player/inc/icons/index72c9.html]
[crispinfreeman.com/wp-content/plugins/haiku-minimalist-audio-player/inc/icons/indexb70a.html]
[crispinfreeman.com/wp-content/plugins/haiku-minimalist-audio-player/inc/icons/index5851.html]
[crispinfreeman.com/wp-content/plugins/haiku-minimalist-audio-player/inc/icons/indexad3f.html]
[crispinfreeman.com/wp-content/plugins/haiku-minimalist-audio-player/inc/icons/AUTHORS.html]
[crispinfreeman.com/wp-content/plugins/haiku-minimalist-audio-player/inc/icons/LICENSE.html]
[crispinfreeman.com/wp-content/plugins/haiku-minimalist-audio-player/inc/icons/fontello.css]
[crispinfreeman.com/wp-content/plugins/haiku-minimalist-audio-player/languages/indexb70a.html]
[crispinfreeman.com/wp-content/plugins/haiku-minimalist-audio-player/languages/index72c9.html]
[crispinfreeman.com/wp-content/plugins/haiku-minimalist-audio-player/languages/index5851.html]
[crispinfreeman.com/wp-content/plugins/haiku-minimalist-audio-player/languages/indexad3f.html]
[crispinfreeman.com/wp-content/plugins/haiku-minimalist-audio-player/admin/custom-player.html]
[crispinfreeman.com/wp-content/plugins/haiku-minimalist-audio-player/admin/haiku-admin.html]
[crispinfreeman.com/wp-content/plugins/haiku-minimalist-audio-player/admin/img/indexb70a.html]
[crispinfreeman.com/wp-content/plugins/haiku-minimalist-audio-player/admin/img/index72c9.html]
[crispinfreeman.com/wp-content/plugins/haiku-minimalist-audio-player/admin/img/index5851.html]
[crispinfreeman.com/wp-content/plugins/haiku-minimalist-audio-player/admin/img/indexad3f.html]
[crispinfreeman.com/wp-content/plugins/haiku-minimalist-audio-player/inc/icons/indexb70a.html]
[crispinfreeman.com/wp-content/plugins/haiku-minimalist-audio-player/inc/icons/index72c9.html]
[crispinfreeman.com/wp-content/plugins/haiku-minimalist-audio-player/inc/icons/index5851.html]
[crispinfreeman.com/wp-content/plugins/haiku-minimalist-audio-player/inc/icons/indexad3f.html]
